// Jest Snapshot v1, https://goo.gl/fbAQLP

exports[`should render Board correctly 1`] = `
ShallowWrapper {
  Symbol(enzyme.__root__): [Circular],
  Symbol(enzyme.__unrendered__): <Board
    letters={
      Array [
        "A",
      ]
    }
  />,
  Symbol(enzyme.__renderer__): Object {
    "batchedUpdates": [Function],
    "getNode": [Function],
    "render": [Function],
    "simulateError": [Function],
    "simulateEvent": [Function],
    "unmount": [Function],
  },
  Symbol(enzyme.__node__): Object {
    "instance": null,
    "key": undefined,
    "nodeType": "host",
    "props": Object {
      "children": <div
        className="board_grid"
      >
        <Letter
          char="A"
          coords="NaN-NaN"
          handleClick={[Function]}
          handleMouseOver={[Function]}
          handleMouseUp={[Function]}
        />
      </div>,
      "className": "container",
    },
    "ref": null,
    "rendered": Object {
      "instance": null,
      "key": undefined,
      "nodeType": "host",
      "props": Object {
        "children": Array [
          <Letter
            char="A"
            coords="NaN-NaN"
            handleClick={[Function]}
            handleMouseOver={[Function]}
            handleMouseUp={[Function]}
          />,
        ],
        "className": "board_grid",
      },
      "ref": null,
      "rendered": Array [
        Object {
          "instance": null,
          "key": "NaN-NaN",
          "nodeType": "function",
          "props": Object {
            "char": "A",
            "coords": "NaN-NaN",
            "handleClick": [Function],
            "handleMouseOver": [Function],
            "handleMouseUp": [Function],
          },
          "ref": null,
          "rendered": null,
          "type": [Function],
        },
      ],
      "type": "div",
    },
    "type": "div",
  },
  Symbol(enzyme.__nodes__): Array [
    Object {
      "instance": null,
      "key": undefined,
      "nodeType": "host",
      "props": Object {
        "children": <div
          className="board_grid"
        >
          <Letter
            char="A"
            coords="NaN-NaN"
            handleClick={[Function]}
            handleMouseOver={[Function]}
            handleMouseUp={[Function]}
          />
        </div>,
        "className": "container",
      },
      "ref": null,
      "rendered": Object {
        "instance": null,
        "key": undefined,
        "nodeType": "host",
        "props": Object {
          "children": Array [
            <Letter
              char="A"
              coords="NaN-NaN"
              handleClick={[Function]}
              handleMouseOver={[Function]}
              handleMouseUp={[Function]}
            />,
          ],
          "className": "board_grid",
        },
        "ref": null,
        "rendered": Array [
          Object {
            "instance": null,
            "key": "NaN-NaN",
            "nodeType": "function",
            "props": Object {
              "char": "A",
              "coords": "NaN-NaN",
              "handleClick": [Function],
              "handleMouseOver": [Function],
              "handleMouseUp": [Function],
            },
            "ref": null,
            "rendered": null,
            "type": [Function],
          },
        ],
        "type": "div",
      },
      "type": "div",
    },
  ],
  Symbol(enzyme.__options__): Object {
    "adapter": ReactSixteenAdapter {
      "options": Object {
        "enableComponentDidUpdateOnSetState": true,
        "lifecycles": Object {
          "componentDidUpdate": Object {
            "onSetState": true,
          },
          "getDerivedStateFromProps": true,
          "getSnapshotBeforeUpdate": true,
          "setState": Object {
            "skipsComponentDidUpdateOnNullish": true,
          },
        },
      },
    },
    "attachTo": undefined,
    "hydrateIn": undefined,
  },
}
`;
